WARNING: Tesseract OCR is not available. Text extraction features will be limited.
Emergency Symbols:
['A1E', 'EM', 'EXIT', 'EMERGENCY', 'E', 'EX', 'A1-E', 'A1/E', 'EM-1', 'EM-2', 'EXIT-EM', 'EL']

Fixture Types:
  A1E: Exit/Emergency Combo Unit
  A1: 2x4 LED Emergency Fixture
  W: Wall-Mounted Emergency LED
  WP: Wallpack with Built-in Photocell
  E: Emergency Light
  EX: Exit Sign
  2X4: 2x4 RECESSED LED LUMINAIRE
  A1-E: Type A1 Emergency Fixture
  A1/E: Type A1 with Emergency Battery Backup
  EM-1: Emergency Type 1 Fixture
  EM-2: Emergency Type 2 Fixture
  EXIT-EM: Exit Sign with Emergency Backup
  EL: Emergency Light

Special debugging for A1-E and A1/E cases:

Case: A1-E Type A1 Emergency Fixture
  First word: A1-E
  First word upper: A1-E
  Check if first word equals 'A1-E': True
  Check if first word equals 'A1/E': False
  ASCII values of first word: [65, 49, 45, 69]
  ASCII values of 'A1-E': [65, 49, 45, 69]
  ASCII values of 'A1/E': [65, 49, 47, 69]
  Text string: A1-E Type A1 Emergency Fixture
  Text string upper: A1-E TYPE A1 EMERGENCY FIXTURE
  'A1-E' in text_str.upper().split(): True
  'A1/E' in text_str.upper().split(): False

Case: A1/E Type A1 with Emergency Battery Backup
  First word: A1/E
  First word upper: A1/E
  Check if first word equals 'A1-E': False
  Check if first word equals 'A1/E': True
  ASCII values of first word: [65, 49, 47, 69]
  ASCII values of 'A1-E': [65, 49, 45, 69]
  ASCII values of 'A1/E': [65, 49, 47, 69]
  Text string: A1/E Type A1 with Emergency Battery Backup
  Text string upper: A1/E TYPE A1 WITH EMERGENCY BATTERY BACKUP
  'A1-E' in text_str.upper().split(): False
  'A1/E' in text_str.upper().split(): True

Raw text for each test case:
  A1E Exit/Emergency Combo Unit
  Words: ['A1E', 'Exit/Emergency', 'Combo', 'Unit']
  A1-E Type A1 Emergency Fixture
  Words: ['A1-E', 'Type', 'A1', 'Emergency', 'Fixture']
  A1/E Type A1 with Emergency Battery Backup
  Words: ['A1/E', 'Type', 'A1', 'with', 'Emergency', 'Battery', 'Backup']
  EM-1 Emergency Type 1 Fixture
  Words: ['EM-1', 'Emergency', 'Type', '1', 'Fixture']
  EM-2 Emergency Type 2 Fixture
  Words: ['EM-2', 'Emergency', 'Type', '2', 'Fixture']
  EXIT-EM Exit Sign with Emergency Backup
  Words: ['EXIT-EM', 'Exit', 'Sign', 'with', 'Emergency', 'Backup']
  EL Emergency Light
  Words: ['EL', 'Emergency', 'Light']
  Regular lighting fixture not emergency
  Words: ['Regular', 'lighting', 'fixture', 'not', 'emergency']
  Standard 2x4 fixture no emergency backup
  Words: ['Standard', '2x4', 'fixture', 'no', 'emergency', 'backup']
  This is an A1-E emergency fixture
  Words: ['This', 'is', 'an', 'A1-E', 'emergency', 'fixture']
  This is an A1/E emergency fixture
  Words: ['This', 'is', 'an', 'A1/E', 'emergency', 'fixture']

Testing emergency fixture detection:
Text: 'A1E Exit/Emergency Combo Unit'
  Is Emergency: True
  Symbol: A1E
  Description: Exit/Emergency Combo Unit

DEBUG for A1-E/A1/E pattern:
  Words: ['A1-E', 'Type', 'A1', 'Emergency', 'Fixture']
  First word: A1-E
  First word upper: A1-E
  Check if first word equals 'A1-E': True
  Check if first word equals 'A1/E': False
  Text string: A1-E Type A1 Emergency Fixture
  Text string upper: A1-E TYPE A1 EMERGENCY FIXTURE
  'A1-E' in text_str.upper().split(): True
  'A1/E' in text_str.upper().split(): False
Text: 'A1-E Type A1 Emergency Fixture'
  Is Emergency: True
  Symbol: A1-E
  Description: Type A1 Emergency Fixture

DEBUG for A1-E/A1/E pattern:
  Words: ['A1/E', 'Type', 'A1', 'with', 'Emergency', 'Battery', 'Backup']
  First word: A1/E
  First word upper: A1/E
  Check if first word equals 'A1-E': False
  Check if first word equals 'A1/E': True
  Text string: A1/E Type A1 with Emergency Battery Backup
  Text string upper: A1/E TYPE A1 WITH EMERGENCY BATTERY BACKUP
  'A1-E' in text_str.upper().split(): False
  'A1/E' in text_str.upper().split(): True
Text: 'A1/E Type A1 with Emergency Battery Backup'
  Is Emergency: True
  Symbol: A1/E
  Description: Type A1 with Emergency Battery Backup

Text: 'EM-1 Emergency Type 1 Fixture'
  Is Emergency: True
  Symbol: EM-1
  Description: Emergency Type 1 Fixture

Text: 'EM-2 Emergency Type 2 Fixture'
  Is Emergency: True
  Symbol: EM-2
  Description: Emergency Type 2 Fixture

Text: 'EXIT-EM Exit Sign with Emergency Backup'
  Is Emergency: True
  Symbol: EXIT-EM
  Description: Exit Sign with Emergency Backup

Text: 'EL Emergency Light'
  Is Emergency: True
  Symbol: EL
  Description: Emergency Light

Text: 'Regular lighting fixture not emergency'
  Is Emergency: False
  Symbol: None
  Description: Not an emergency fixture

Text: 'Standard 2x4 fixture no emergency backup'
  Is Emergency: False
  Symbol: None
  Description: Not an emergency fixture

DEBUG for A1-E/A1/E pattern:
  Words: ['This', 'is', 'an', 'A1-E', 'emergency', 'fixture']
  First word: This
  First word upper: THIS
  Check if first word equals 'A1-E': False
  Check if first word equals 'A1/E': False
  Text string: This is an A1-E emergency fixture
  Text string upper: THIS IS AN A1-E EMERGENCY FIXTURE
  'A1-E' in text_str.upper().split(): True
  'A1/E' in text_str.upper().split(): False
Text: 'This is an A1-E emergency fixture'
  Is Emergency: True
  Symbol: A1-E
  Description: Type A1 Emergency Fixture

DEBUG for A1-E/A1/E pattern:
  Words: ['This', 'is', 'an', 'A1/E', 'emergency', 'fixture']
  First word: This
  First word upper: THIS
  Check if first word equals 'A1-E': False
  Check if first word equals 'A1/E': False
  Text string: This is an A1/E emergency fixture
  Text string upper: THIS IS AN A1/E EMERGENCY FIXTURE
  'A1-E' in text_str.upper().split(): False
  'A1/E' in text_str.upper().split(): True
Text: 'This is an A1/E emergency fixture'
  Is Emergency: True
  Symbol: A1/E
  Description: Type A1 with Emergency Battery Backup

